../Core/Src/main.c:83:6:myprintf	16	static
../Core/Src/main.c:173:6:SystemClock_Config	96	static,ignoring_inline_asm
../Core/Src/main.c:373:6:HAL_GPIO_EXTI_Callback	8	static
../Core/Src/main.c:400:6:startup	24	static
../Core/Src/main.c:432:6:read_sensor	48	static
../Core/Src/main.c:486:6:sleep	8	static
../Core/Src/main.c:527:6:update_display	72	static
../Core/Src/main.c:568:6:sdcard_write	1264	static
../Core/Src/main.c:100:5:main	56	static,ignoring_inline_asm
../Core/Src/main.c:624:6:Error_Handler	0	static,ignoring_inline_asm
